
thread 'main' panicked at src/dfx/src/main.rs:94:18:
Failed to set stderr output color.: ColorOutOfRange
note: run with `RUST_BACKTRACE=1` environment variable to display a backtrace
